src/renderer/monacoWorkerPatch.ts(56,29): error TS2307: Cannot find module 'monaco-editor/esm/vs/editor/editor.worker?url' or its corresponding type declarations.
src/renderer/monacoWorkerPatch.ts(57,27): error TS2307: Cannot find module 'monaco-editor/esm/vs/language/json/json.worker?url' or its corresponding type declarations.
src/renderer/monacoWorkerPatch.ts(58,26): error TS2307: Cannot find module 'monaco-editor/esm/vs/language/css/css.worker?url' or its corresponding type declarations.
src/renderer/monacoWorkerPatch.ts(59,27): error TS2307: Cannot find module 'monaco-editor/esm/vs/language/html/html.worker?url' or its corresponding type declarations.
src/renderer/monacoWorkerPatch.ts(60,25): error TS2307: Cannot find module 'monaco-editor/esm/vs/language/typescript/ts.worker?url' or its corresponding type declarations.
